// Jest Snapshot v1, https://goo.gl/fbAQLP

exports[`snapshot test people 1`] = `
<div
  id="peopleList"
>
  <div
    id="searchBarWrapper"
  >
    <div
      className="input-group rounded-8"
      id="searchBar"
    >
      <div
        id="searchIcon"
      >
        <img
          alt="search"
          src="https://th.bing.com/th/id/R.602ef64bc31a62f9ebd523d97fc9f369?rik=JAPpFrIn7Yon0Q&riu=http%3a%2f%2fcdn.onlinewebfonts.com%2fsvg%2fimg_194915.png&ehk=PY%2fOHmWzAr5CQnqxsnvx5nnpZAeNl7OJ5%2fHDzvIuHTo%3d&risl=&pid=ImgRaw&r=0"
        />
      </div>
      <input
        className="border-0"
        id="chatSearch"
        onChange={[Function]}
        placeholder="People Search"
        style={
          {
            "textAlign": "right",
          }
        }
        type="text"
        value=""
      />
    </div>
  </div>
  <br />
  <div
    id="peopleContainers"
  />
</div>
`;
